// Jest Snapshot v1, https://goo.gl/fbAQLP

exports[`<BackButton /> matches the previous snapshot 1`] = `
<a
  href="/back/undefined"
  id="back-link"
>
  Back
</a>
`;
