// Jest Snapshot v1, https://goo.gl/fbAQLP

exports[`<BusinessTypeLookup /> matches the previous snapshot 1`] = `
.emotion-0 {
  display: block;
  font-family: "nta",Arial,sans-serif;
  -webkit-font-smoothing: antialiased;
  -moz-osx-font-smoothing: grayscale;
  font-weight: 400;
  text-transform: none;
  font-size: 16px;
  line-height: 1.25;
  color: #6f777b;
  margin-bottom: 0;
}

@media only screen and (min-width:641px) {
  .emotion-0 {
    font-size: 19px;
    line-height: 1.3;
  }
}

@media only screen and (min-width:641px) {
  .emotion-0 {
    margin-bottom: 0;
  }
}

<div
  className={null}
>
  <span
    className="emotion-0"
    style={
      Object {
        "lineHeight": "1.6em",
        "padding": 0,
      }
    }
  >
    For example cafe, hospital canteen or commercial bakery
  </span>
  <div
    aria-expanded="false"
    className="autocomplete__wrapper"
    onKeyDown={[Function]}
    role="combobox"
  >
    <div
      aria-atomic="true"
      aria-live="polite"
      role="status"
      style={
        Object {
          "border": "0",
          "clip": "rect(0 0 0 0)",
          "height": "1px",
          "marginBottom": "-1px",
          "marginRight": "-1px",
          "overflow": "hidden",
          "padding": "0",
          "position": "absolute",
          "whiteSpace": "nowrap",
          "width": "1px",
        }
      }
    >
      No search results.
      <span>
        ,,
      </span>
    </div>
    
    <input
      aria-activedescendant={false}
      aria-owns="undefined__listbox"
      autoComplete="off"
      className="autocomplete__input autocomplete__input--default"
      id={undefined}
      name="business_type"
      onBlur={[Function]}
      onChange={[Function]}
      onClick={[Function]}
      onFocus={[Function]}
      placeholder=""
      required={false}
      role="textbox"
      type="text"
      value=""
    />
    <ul
      className="autocomplete__menu autocomplete__menu--inline autocomplete__menu--hidden"
      id="undefined__listbox"
      role="listbox"
    />
  </div>
</div>
`;
