// Jest Snapshot v1, https://goo.gl/fbAQLP

exports[`<OperatorType /> matches the previous snapshot 1`] = `
.emotion-18 {
  background-color: #d9e8f2;
}

.emotion-16 {
  width: calc(100% - 30px);
  max-width: 960px;
  margin: auto;
  padding: 15px 0;
}

@media (min-width:641px) {
  .emotion-16 {
    width: calc(100% - 60px);
  }
}

.emotion-1 {
  font-family: "nta",Arial,sans-serif;
  margin: 0;
  font-size: 16px;
  line-height: 1.25;
  margin-bottom: 10px;
  font-size: 16px;
}

.emotion-1 > p {
  margin: 0;
}

.emotion-1 > p > code {
  padding: 0.2em 0.4em;
  margin: 0px;
  font-size: 85%;
  background-color: rgba(27,31,35,0.05);
  border-radius: 3px;
}

.emotion-1 > pre {
  padding: 16px;
  overflow: auto;
  font-size: 85%;
  line-height: 1.45;
  background-color: #f6f8fa;
  border-radius: 3px;
}

.emotion-1 > pre > code {
  display: inline;
  padding: 0px;
  margin: 0px;
  border: 0px;
  overflow: visible;
  line-height: inherit;
  word-wrap: normal;
}

@media only screen and (min-width:641px) {
  .emotion-1 {
    font-size: 19px;
    line-height: 1.3;
  }
}

@media only screen and (min-width:641px) {
  .emotion-1 {
    margin-bottom: 10px;
  }
}

@media only screen and (min-width:641px) {
  .emotion-1 {
    font-size: 16px;
  }
}

.emotion-14 {
  display: -webkit-box;
  display: -webkit-flex;
  display: -ms-flexbox;
  display: flex;
  -webkit-flex-direction: column;
  -ms-flex-direction: column;
  flex-direction: column;
  -webkit-box-pack: justify;
  -webkit-justify-content: space-between;
  -ms-flex-pack: justify;
  justify-content: space-between;
  -webkit-align-items: flex-start;
  -webkit-box-align: flex-start;
  -ms-flex-align: flex-start;
  align-items: flex-start;
}

@media only screen and (min-width:641px) {
  .emotion-14 {
    -webkit-box-pack: justify;
    -webkit-justify-content: space-between;
    -ms-flex-pack: justify;
    justify-content: space-between;
    -webkit-flex-direction: row;
    -ms-flex-direction: row;
    flex-direction: row;
    -webkit-align-items: flex-end;
    -webkit-box-align: flex-end;
    -ms-flex-align: flex-end;
    align-items: flex-end;
  }
}

.emotion-6 {
  display: -webkit-box;
  display: -webkit-flex;
  display: -ms-flexbox;
  display: flex;
  -webkit-flex-direction: column;
  -ms-flex-direction: column;
  flex-direction: column;
  -webkit-flex-shrink: 0;
  -ms-flex-negative: 0;
  flex-shrink: 0;
}

.emotion-2 {
  color: #005ea5;
  padding: 3px;
  margin: -3px;
  outline-color: transparent;
  display: inline-block;
  -webkit-text-decoration: underline;
  text-decoration: underline;
  padding: 5px;
  font-size: 16px;
}

.emotion-2:focus {
  background-color: #ffbf47;
  outline: 3px solid #ffbf47;
}

.emotion-2:visited {
  color: #2e358b;
}

@media only screen and (min-width:641px) {
  .emotion-2 {
    font-size: 16px;
  }
}

.emotion-12 {
  display: -webkit-box;
  display: -webkit-flex;
  display: -ms-flexbox;
  display: flex;
  -webkit-align-items: flex-start;
  -webkit-box-align: flex-start;
  -ms-flex-align: flex-start;
  align-items: flex-start;
  margin-top: 10px;
  -webkit-box-pack: justify;
  -webkit-justify-content: space-between;
  -ms-flex-pack: justify;
  justify-content: space-between;
  width: 100%;
}

@media only screen and (min-width:641px) {
  .emotion-12 {
    -webkit-flex-wrap: nowrap;
    -ms-flex-wrap: nowrap;
    flex-wrap: nowrap;
    -webkit-box-pack: end;
    -webkit-justify-content: flex-end;
    -ms-flex-pack: end;
    justify-content: flex-end;
    margin-top: 0px;
    -webkit-align-items: flex-end;
    -webkit-box-align: flex-end;
    -ms-flex-align: flex-end;
    align-items: flex-end;
  }
}

.emotion-8 {
  margin-right: 20px;
  font-size: 16px;
  color: #0b0c0c;
  background-color: transparent;
  border: none;
  padding: 0;
  -webkit-text-decoration: underline;
  text-decoration: underline;
  cursor: pointer;
  text-align: left;
}

.emotion-8:hover {
  color: #4a4a4a;
}

.emotion-8:visited {
  color: #2f2f2f;
}

.emotion-11 {
  background-color: #00823b;
  border: none;
  box-shadow: 0 2px 0 #003618;
  color: #ffffff;
  cursor: pointer;
  display: -webkit-box;
  display: -webkit-flex;
  display: -ms-flexbox;
  display: flex;
  -webkit-align-items: center;
  -webkit-box-align: center;
  -ms-flex-align: center;
  align-items: center;
  -webkit-box-pack: justify;
  -webkit-justify-content: space-between;
  -ms-flex-pack: justify;
  justify-content: space-between;
  font-family: "nta",Arial,sans-serif;
  font-weight: 400;
  font-size: 1em;
  line-height: 1.25;
  outline-offset: -1px;
  outline: 1px solid transparent;
  padding: .526315em .789473em .263157em;
  -webkit-text-decoration: none;
  text-decoration: none;
  -webkit-appearance: none;
  -webkit-font-smoothing: antialiased;
  opacity: 1;
  pointer-events: auto;
  padding-right: .84211em;
  margin-bottom: 15px;
  margin-bottom: 0px;
  background-color: white;
  box-shadow: 0 2px 0 #4e80b4;
  color: #0b0c0c;
  font-size: 16px;
}

.emotion-11:hover {
  background-color: #00692f;
  color: #ffffff;
}

.emotion-11:focus {
  color: #ffffff;
  background-color: #00692f;
  outline: 3px solid #ffbf47;
}

.emotion-11:active {
  position: relative;
  top: 2px;
  box-shadow: 0 0 0 #003618;
}

.emotion-11:visited {
  color: #00823b;
}

.emotion-11 svg {
  max-width: 15px;
  margin-left: 20px;
}

@media only screen and (min-width:641px) {
  .emotion-11 {
    margin-bottom: 20px;
  }
}

.emotion-11:hover {
  background-color: #f2f2f2;
  color: #0b0c0c;
}

.emotion-11:focus {
  background-color: #f2f2f2;
  color: #0b0c0c;
}

@media only screen and (min-width:641px) {
  .emotion-11 {
    font-size: 16px;
    margin-bottom: 0px;
  }
}

.emotion-30 {
  display: -webkit-box;
  display: -webkit-flex;
  display: -ms-flexbox;
  display: flex;
  -webkit-box-pack: center;
  -webkit-justify-content: center;
  -ms-flex-pack: center;
  justify-content: center;
  background-color: #0b0c0c;
  color: #ffffff;
  font-family: "nta",Arial,sans-serif;
  font-weight: 400;
  font-size: 14px;
  line-height: 1.1428571429;
}

@media only screen and (min-width:641px) {
  .emotion-30 {
    font-size: 16px;
    line-height: 1.25;
  }
}

.emotion-29 {
  display: -webkit-box;
  display: -webkit-flex;
  display: -ms-flexbox;
  display: flex;
  -webkit-flex-direction: column;
  -ms-flex-direction: column;
  flex-direction: column;
  width: calc(100% - 30px);
  max-width: 960px;
  padding: calc(10px * 0.8) 15px;
  box-sizing: border-box;
}

@media only screen and (min-width:641px) {
  .emotion-29 {
    padding: calc(10px * 0.8) 0;
    -webkit-flex-direction: row;
    -ms-flex-direction: row;
    flex-direction: row;
    width: calc(100% - 60px);
  }
}

.emotion-25 {
  display: -webkit-box;
  display: -webkit-flex;
  display: -ms-flexbox;
  display: flex;
  -webkit-box-pack: justify;
  -webkit-justify-content: space-between;
  -ms-flex-pack: justify;
  justify-content: space-between;
}

@media only screen and (min-width:641px) {
  .emotion-25 {
    display: block;
    padding-right: 15px;
    width: 33.33%;
  }
}

.emotion-24 {
  display: -webkit-box;
  display: -webkit-flex;
  display: -ms-flexbox;
  display: flex;
  font-weight: 800;
  -webkit-align-items: center;
  -webkit-box-align: center;
  -ms-flex-align: center;
  align-items: center;
  -webkit-box-pack: start;
  -webkit-justify-content: flex-start;
  -ms-flex-pack: start;
  justify-content: flex-start;
  font-size: 30px;
}

.emotion-23 {
  color: #ffffff;
  -webkit-text-decoration: none;
  text-decoration: none;
  -webkit-text-decoration-skip-ink: none;
  text-decoration-skip-ink: none;
  border-bottom: 1px solid transparent;
  font-weight: 700;
  line-height: 1;
}

.emotion-23:hover {
  border-bottom-color: #ffffff;
}

.emotion-23:focus {
  outline: 3px solid #ffbf47;
}

.emotion-22 {
  vertical-align: baseline;
}

.emotion-20 {
  width: 36px;
  max-height: 27px;
  display: inline-block;
  margin-right: 7px;
}

.emotion-21 {
  display: inline-block;
}

.emotion-28 {
  display: -webkit-box;
  display: -webkit-flex;
  display: -ms-flexbox;
  display: flex;
  -webkit-flex-direction: column;
  -ms-flex-direction: column;
  flex-direction: column;
  -webkit-align-items: flex-end;
  -webkit-box-align: flex-end;
  -ms-flex-align: flex-end;
  align-items: flex-end;
  margin-top: 10px;
}

@media only screen and (min-width:641px) {
  .emotion-28 {
    -webkit-align-items: flex-start;
    -webkit-box-align: flex-start;
    -ms-flex-align: flex-start;
    align-items: flex-start;
    width: 66.66%;
    padding-left: 15px;
    margin-top: 0;
  }
}

.emotion-27 {
  color: #ffffff;
  -webkit-text-decoration: none;
  text-decoration: none;
  -webkit-text-decoration-skip-ink: none;
  text-decoration-skip-ink: none;
  border-bottom: 1px solid transparent;
  font-weight: 700;
  line-height: 1;
}

.emotion-27:hover {
  border-bottom-color: #ffffff;
}

.emotion-27:focus {
  outline: 3px solid #ffbf47;
}

.emotion-27:focus {
  color: #0b0c0c;
  background-color: #ffbf47;
  outline: 3px solid #ffbf47;
}

.emotion-27:focus:hover {
  border-bottom-color: #0b0c0c;
}

.emotion-26 {
  font-family: "nta",Arial,sans-serif;
  font-weight: bold;
  margin: 0;
  font-size: 18px;
  line-height: 1.2;
  margin-bottom: 15px;
  margin-bottom: 0;
}

@media only screen and (min-width:641px) {
  .emotion-26 {
    font-size: 24px;
    line-height: 1.25;
    margin-bottom: 20px;
  }
}

@media print {
  .emotion-26 {
    font-size: 16px;
  }
}

@media only screen and (min-width:641px) {
  .emotion-26 {
    margin-bottom: 0;
  }
}

.emotion-31 {
  border-bottom: 10px solid #005ea5;
  max-width: 960px;
  margin: 0 auto;
  width: calc(100% - 30px);
}

@media only screen and (min-width:641px) {
  .emotion-31 {
    width: calc(100% - 60px);
  }
}

.emotion-37 {
  padding-top: 30px;
  text-align: center;
  padding-top: 0;
}

.emotion-35 {
  max-width: 960px;
  margin-left: 15px;
  margin-right: 15px;
  text-align: left;
}

@media only screen and (min-width:641px) {
  .emotion-35 {
    margin-left: 30px;
    margin-right: 30px;
  }
}

@media only screen and (min-width:1020px) {
  .emotion-35 {
    margin: 0 auto;
  }
}

.emotion-34 {
  border-bottom: 1px solid #bfc1c3;
  box-sizing: border-box;
  padding-top: 10px;
  padding-bottom: 10px;
  font-family: "nta",Arial,sans-serif;
  font-weight: 400;
  text-transform: none;
  font-size: 14px;
  line-height: 1.1428571429;
  margin-bottom: 0;
}

@media only screen and (min-width:641px) {
  .emotion-34 {
    font-size: 16px;
    line-height: 1.25;
  }
}

.emotion-34 > a {
  color: #005ea5;
}

@media only screen and (min-width:641px) {
  .emotion-34 {
    margin-bottom: 0;
  }
}

.emotion-32 {
  display: inline-block;
  margin: 0 8px 0 0;
  padding: 2px 5px;
  font-family: "nta",Arial,sans-serif;
  font-weight: 700;
  font-size: 14px;
  line-height: 1.1428571429;
  text-transform: uppercase;
  -webkit-letter-spacing: 1px;
  -moz-letter-spacing: 1px;
  -ms-letter-spacing: 1px;
  letter-spacing: 1px;
  -webkit-text-decoration: none;
  text-decoration: none;
  color: #ffffff;
  background-color: #005ea5;
  -webkit-font-mmoothing: antialiased;
  -moz-osx-font-smoothing: grayscale;
  margin-bottom: 0;
}

@media only screen and (min-width:641px) {
  .emotion-32 {
    font-size: 16px;
    line-height: 1.25;
    padding-bottom: 0;
  }
}

@media only screen and (min-width:641px) {
  .emotion-32 {
    margin-bottom: 0;
  }
}

.emotion-71 {
  padding-top: 30px;
  text-align: center;
}

.emotion-69 {
  display: -webkit-box;
  display: -webkit-flex;
  display: -ms-flexbox;
  display: flex;
  -webkit-flex-direction: column;
  -ms-flex-direction: column;
  flex-direction: column;
  width: 100%;
  margin: 0 0 15px;
}

@media only screen and (min-width:641px) {
  .emotion-69 {
    -webkit-flex-direction: row;
    -ms-flex-direction: row;
    flex-direction: row;
    margin-bottom: 30px;
  }
}

.emotion-68 {
  background: transparent;
  margin: 0 0 15px;
  text-indent: 0px;
  box-sizing: border-box;
}

@media only screen and (min-width:641px) {
  .emotion-68 {
    width: 100%;
    margin: 0 15px;
  }

  .emotion-68:first-child {
    margin-left: 0;
  }

  .emotion-68:last-child {
    margin-right: 0;
  }
}

@media only screen and (min-width:641px) {
  .emotion-68 {
    width: 66.6667%;
  }
}

.emotion-40 {
  padding-bottom: 45px;
}

@media only screen and (max-width:641px) {
  .emotion-40 {
    padding-bottom: 30px;
  }
}

.emotion-42 {
  font-family: "nta",Arial,sans-serif;
  font-weight: bold;
  margin: 0;
  font-size: 24px;
  line-height: 1.0416666666666667;
  margin-bottom: 15px;
}

@media only screen and (min-width:641px) {
  .emotion-42 {
    font-size: 36px;
    line-height: 1.1111111111111112;
    margin-bottom: 20px;
  }
}

@media print {
  .emotion-42 {
    font-size: 18px;
  }
}

.emotion-47 {
  margin-bottom: 20px;
}

@media only screen and (min-width:641px) {
  .emotion-47 {
    margin-bottom: 30px;
  }
}

.emotion-44 {
  display: inline-block;
  cursor: pointer;
  color: #005ea5;
  font-family: "nta",Arial,sans-serif;
  font-size: 19px;
  position: relative;
  margin-bottom: 5px;
}

.emotion-44:hover {
  color: #2b8cc4;
}

.emotion-44:focus {
  outline: 4px solid #ffbf47;
  background: #ffbf47;
}

.emotion-43 {
  -webkit-text-decoration: underline;
  text-decoration: underline;
  -webkit-text-decoration-skip-ink: none;
  text-decoration-skip-ink: none;
}

.emotion-46 {
  box-sizing: border-box;
  border-left-style: solid;
  border-left-width: 5px;
  border-color: #bfc1c3;
  padding: 15px;
  margin-bottom: 0;
}

@media only screen and (min-width:641px) {
  .emotion-46 {
    margin-bottom: 0;
  }
}

.emotion-45 {
  font-family: "nta",Arial,sans-serif;
  margin: 0;
  font-size: 16px;
  line-height: 1.25;
  margin-bottom: 0;
}

.emotion-45 > p {
  margin: 0;
}

.emotion-45 > p > code {
  padding: 0.2em 0.4em;
  margin: 0px;
  font-size: 85%;
  background-color: rgba(27,31,35,0.05);
  border-radius: 3px;
}

.emotion-45 > pre {
  padding: 16px;
  overflow: auto;
  font-size: 85%;
  line-height: 1.45;
  background-color: #f6f8fa;
  border-radius: 3px;
}

.emotion-45 > pre > code {
  display: inline;
  padding: 0px;
  margin: 0px;
  border: 0px;
  overflow: visible;
  line-height: inherit;
  word-wrap: normal;
}

@media only screen and (min-width:641px) {
  .emotion-45 {
    font-size: 19px;
    line-height: 1.3;
  }
}

@media only screen and (min-width:641px) {
  .emotion-45 {
    margin-bottom: 0;
  }
}

.emotion-64 {
  padding: 0;
  margin: 0;
  border: 0;
  box-sizing: border-box;
  width: 100%;
  margin-bottom: 0;
}

.emotion-64:after {
  content: '';
  display: table;
  clear: both;
}

@media only screen and (min-width:641px) {
  .emotion-64 {
    margin-bottom: 0;
  }
}

.emotion-48 {
  font-family: "nta",Arial,sans-serif;
  -webkit-font-smoothing: antialiased;
  -moz-osx-font-smoothing: grayscale;
  display: block;
  clear: none;
  font-weight: 400;
  font-size: 16px;
  line-height: 1.25;
  color: #0b0c0c;
  padding-bottom: 2px;
  margin-bottom: 0;
}

@media only screen and (min-width:641px) {
  .emotion-48 {
    font-size: 19px;
    line-height: 1.3;
  }
}

@media only screen and (min-width:641px) {
  .emotion-48 {
    margin-bottom: 0;
  }
}

.emotion-53 {
  display: block;
  position: relative;
  padding: 0 0 0 38px;
  margin-right: 0px;
  margin-bottom: 10px;
}

@media only screen and (min-width:641px) {
  .emotion-53 {
    margin-bottom: 10px;
  }
}

.emotion-49 {
  position: absolute;
  cursor: pointer;
  left: 0;
  top: 0;
  width: 38px;
  height: 38px;
  z-index: 1;
  margin: 0;
  zoom: 1;
  opacity: 0;
  cursor: pointer;
}

.emotion-49:checked + span::after {
  opacity: 1;
}

.emotion-49:focus + span::before {
  box-shadow: 0 0 0 4px #ffbf47;
}

.emotion-49 + span {
  opacity: 1;
  pointer-events: auto;
}

.emotion-52 {
  font-family: "nta",Arial,sans-serif;
  font-weight: 400;
  text-transform: none;
  font-size: 16px;
  line-height: 1.25;
  cursor: pointer;
  padding: 8px 10px 9px 12px;
  display: block;
}

.emotion-52:before {
  content: '';
  box-sizing: border-box;
  position: absolute;
  top: 0;
  left: 0;
  width: 2.10526em;
  height: 2.10526em;
  border: 2px solid black;
  border-radius: 50%;
  background: transparent;
}

.emotion-52:after {
  content: '';
  position: absolute;
  top: 0.52632em;
  left: 0.52632em;
  width: 0;
  height: 0;
  border: 0.52632em solid;
  border-radius: 50%;
  opacity: 0;
}

.emotion-51 {
  display: block;
  font-family: "nta",Arial,sans-serif;
  -webkit-font-smoothing: antialiased;
  -moz-osx-font-smoothing: grayscale;
  font-weight: 400;
  text-transform: none;
  font-size: 16px;
  line-height: 1.25;
  color: #6f777b;
  margin-bottom: 0;
  font-size: 16px;
}

@media only screen and (min-width:641px) {
  .emotion-51 {
    font-size: 19px;
    line-height: 1.3;
  }
}

@media only screen and (min-width:641px) {
  .emotion-51 {
    margin-bottom: 0;
  }
}

@media only screen and (min-width:641px) {
  .emotion-51 {
    font-size: 16px;
  }
}

.emotion-67 {
  background-color: #00823b;
  border: none;
  box-shadow: 0 2px 0 #003618;
  color: #ffffff;
  cursor: pointer;
  display: -webkit-box;
  display: -webkit-flex;
  display: -ms-flexbox;
  display: flex;
  -webkit-align-items: center;
  -webkit-box-align: center;
  -ms-flex-align: center;
  align-items: center;
  -webkit-box-pack: justify;
  -webkit-justify-content: space-between;
  -ms-flex-pack: justify;
  justify-content: space-between;
  font-family: "nta",Arial,sans-serif;
  font-weight: 400;
  font-size: 1em;
  line-height: 1.25;
  outline-offset: -1px;
  outline: 1px solid transparent;
  padding: .526315em .789473em .263157em;
  -webkit-text-decoration: none;
  text-decoration: none;
  -webkit-appearance: none;
  -webkit-font-smoothing: antialiased;
  opacity: 1;
  pointer-events: auto;
  padding-right: .84211em;
  margin-bottom: 15px;
}

.emotion-67:hover {
  background-color: #00692f;
  color: #ffffff;
}

.emotion-67:focus {
  color: #ffffff;
  background-color: #00692f;
  outline: 3px solid #ffbf47;
}

.emotion-67:active {
  position: relative;
  top: 2px;
  box-shadow: 0 0 0 #003618;
}

.emotion-67:visited {
  color: #00823b;
}

.emotion-67 svg {
  max-width: 15px;
  margin-left: 20px;
}

@media only screen and (min-width:641px) {
  .emotion-67 {
    margin-bottom: 20px;
  }
}

<div>
  <div
    className="emotion-38 emotion-39"
  >
    <div
      className="emotion-18 emotion-19"
      id="cookieBanner"
    >
      <div
        className="emotion-16 emotion-17"
      >
        <div
          className="emotion-0 emotion-1"
        >
          <p>
            Register a food business uses a cookie to create the registration. We also use optional cookies to analyse how the service is performing. We do not share any information with advertisers or social media platforms. We do not store any information about you in the cookie.
          </p>
        </div>
        <div
          className="emotion-14 emotion-15"
        >
          <div
            className="emotion-6 emotion-7"
          >
            <a
              className="emotion-2 emotion-3"
              disabled={undefined}
              href="https://www.gov.uk/help/cookies"
              onClick={undefined}
            >
              Find out more about cookies
            </a>
            <a
              className="emotion-2 emotion-3"
              disabled={undefined}
              href="https://www.food.gov.uk/cookie-policy"
              onClick={undefined}
            >
              Read our cookie policy
            </a>
          </div>
          <div
            className="emotion-12 emotion-13"
          >
            <form
              action="/setcookie/acceptAllCookies/false"
              method="post"
            >
              <button
                className="emotion-8 emotion-9"
                id="cookieReject"
                type="submit"
              >
                I do not accept optional cookies
              </button>
            </form>
            <form
              action="/setcookie/acceptAllCookies/true"
              method="post"
            >
              <button
                className="emotion-10 emotion-11"
                disabled={false}
                id="cookieAccept"
                type="submit"
              >
                I accept cookies
              </button>
            </form>
          </div>
        </div>
      </div>
    </div>
    <div
      className="emotion-30"
      color="#ffffff"
    >
      <div
        className="emotion-29"
      >
        <div
          className="emotion-25"
        >
          <div
            className="emotion-24"
          >
            <a
              className="emotion-23"
              href="/index"
              target="_blank"
            >
              <div
                className="emotion-22"
              >
                <span
                  className="emotion-20"
                >
                  <svg
                    className={undefined}
                    fill="currentColor"
                    height="32"
                    style={
                      Object {
                        "display": "block",
                      }
                    }
                    version="1.1"
                    viewBox="0 0 28 21"
                    width="36"
                    x="0px"
                    xmlns="http://www.w3.org/2000/svg"
                    y="0px"
                  >
                    <title>
                      GOV.UK
                    </title>
                    <path
                      d="M12.6323095,3.55271368e-15 L13.3909515,2.38583111 L13.3855375,2.39239563 C13.3171852,2.44572391 13.2556006,2.50656416 13.2034905,2.57613454 L13.1967229,2.58141323 L11.3133145,1.98532767 L11.3133145,4.76503003 L13.2007834,3.77500554 L13.204844,3.77899839 C13.2603379,3.85229093 13.3253063,3.91678566 13.3990726,3.97194117 L12.316265,7.24080185 C12.3155883,7.24486238 12.313558,7.24892291 12.3122045,7.25230668 L12.310851,7.25636721 C12.2607711,7.42014185 12.2330242,7.59271431 12.2330242,7.77205431 C12.2330242,8.65657274 12.8854157,9.38611433 13.7347429,9.51131396 C13.7476013,9.51334422 13.7597828,9.51672799 13.7726412,9.5180815 C13.8450539,9.52755607 13.9181434,9.53432362 13.99394,9.53432362 C14.068383,9.53432362 14.1435028,9.52823283 14.2159155,9.5180815 C14.2280971,9.51672799 14.2402787,9.51402098 14.2524603,9.51131396 C15.1017875,9.38611433 15.7555325,8.65657274 15.7555325,7.77205431 C15.7555325,7.59271431 15.7271088,7.42014185 15.6777057,7.25636721 L15.6763522,7.25230668 C15.6756755,7.24824615 15.674322,7.24418562 15.6722917,7.24080185 L14.5894841,3.97194117 C14.6632504,3.91678566 14.7282189,3.85235861 14.7843895,3.77899839 L14.7891268,3.77500554 L16.675919,4.76503003 L16.675919,1.98532767 L14.7904803,2.58141323 L14.785743,2.57613454 C14.7329561,2.50656416 14.672725,2.44572391 14.6030192,2.39239563 L14.5976052,2.38583111 L15.3562472,3.55271368e-15 L13.9952935,3.55271368e-15 L12.6323095,3.55271368e-15 Z M5.84513631,3.57543057 C5.26698475,3.58436374 4.7158357,3.93485501 4.48106948,4.50461481 C4.16786739,5.26068519 4.53026955,6.13227761 5.28336221,6.44087776 C6.05086975,6.75759897 6.92205611,6.39485844 7.23404003,5.63608104 C7.54873098,4.87899553 7.18937422,3.99962044 6.42125761,3.68513251 C6.2333905,3.60777945 6.03787605,3.57245285 5.84513631,3.57543057 Z M22.155602,3.57543057 C21.9627269,3.57245285 21.766468,3.60777945 21.5783302,3.68513251 C20.8108903,3.99962044 20.4515336,4.87899553 20.7655478,5.63608104 C21.0782085,6.39485844 21.9491918,6.75759897 22.7173084,6.44087776 C23.4705364,6.13227761 23.8326002,5.26068519 23.5199395,4.50461481 C23.2851056,3.93485501 22.7342273,3.58436374 22.155602,3.57543057 Z M9.61601365,4.76638354 C9.03806511,4.7753167 8.48651001,5.12553727 8.25167612,5.69556778 C7.93901543,6.45170584 8.30107921,7.32201242 9.05430722,7.63061257 C9.82174708,7.94733378 10.6927304,7.58594676 11.0053911,6.82730471 C11.3194053,6.07069293 10.9600485,5.18982897 10.1926087,4.87473197 C10.0037941,4.79744658 9.80888874,4.76333814 9.61601365,4.76638354 Z M18.3847246,4.76638354 C18.1918495,4.76333814 17.9962674,4.79744658 17.8081296,4.87473197 C17.0413665,5.18982897 16.6799795,6.07069293 16.9939937,6.82730471 C17.3073311,7.58594676 18.1783145,7.94733378 18.9464311,7.63061257 C19.6989823,7.32201242 20.0617229,6.45170584 19.7490622,5.69556778 C19.5142283,5.12553727 18.9633499,4.7753167 18.3847246,4.76638354 Z M2.4654232,5.55547955 C1.88733932,5.56461574 1.33639329,5.91483631 1.1012887,6.48486682 C0.788560341,7.24012509 1.15048877,8.11246194 1.9036491,8.42106209 C2.67156269,8.7377833 3.54335813,8.37504277 3.85588346,7.61640072 C4.17043906,6.85911218 3.80959344,5.98027849 3.04167985,5.66518149 C2.85360971,5.58796378 2.65809527,5.55243416 2.4654232,5.55547955 Z M25.5339616,5.55547955 C25.3417632,5.55243416 25.1461811,5.58796378 24.9580433,5.66518149 C24.1912802,5.98027849 23.8305699,6.85911218 24.1452609,7.61640072 C24.4579216,8.37504277 25.3282281,8.7377833 26.0963448,8.42106209 C26.848896,8.11246194 27.2123133,7.24012509 26.8996526,6.48486682 C26.6648187,5.91483631 26.1125869,5.56461574 25.5339616,5.55547955 Z M1.47668455,9.31167131 C0.898397633,9.32114588 0.347654636,9.67102807 0.11261772,10.2415323 C-0.200381341,10.9974673 0.162054653,11.8691274 0.914910448,12.1777276 C1.68302706,12.4944488 2.55421342,12.1330618 2.86721248,11.373743 C3.18149738,10.6171312 2.82200527,9.73667328 2.05429471,9.42198233 C1.86615689,9.34415554 1.66949197,9.30896429 1.47668455,9.31167131 Z M26.5240537,9.31167131 C26.3318554,9.30896429 26.1362733,9.34415554 25.9481355,9.42198233 C25.1800189,9.73667328 24.8193086,10.6171312 25.1339995,11.373743 C25.4459835,12.1330618 26.3183203,12.4944488 27.0857602,12.1777276 C27.8389882,11.8691274 28.2003752,10.9974673 27.8870378,10.2415323 C27.6528806,9.67102807 27.102679,9.32114588 26.5240537,9.31167131 Z M6.8677127,9.70824958 C5.63798169,11.343289 5.81258441,12.6934147 7.33602697,14.2134058 C6.34390454,13.6645577 4.80266333,14.2418295 5.71140957,16.0954607 C6.18642372,14.9422706 7.2040598,15.2021445 7.41656078,16.1929134 C7.56003279,16.8926778 7.13435406,17.716965 6.20977176,17.8861537 C5.45261857,18.0262419 4.28413386,17.5071711 3.34804672,15.4911187 C3.87571238,15.5039771 4.33570257,15.7706184 4.93422445,16.1827621 L3.95083215,12.9086227 C3.7029369,13.8283324 3.38702779,14.4292906 3.0520342,14.7561631 C2.82613347,14.0936202 2.85882073,13.6151546 3.05995223,12.5844572 L1.03097388,13.3065545 C2.10829973,14.7771425 3.15178785,16.8425979 4.00896538,20.4469936 C7.02878033,20.0152241 10.4172912,19.7722691 13.9978652,19.7722691 C17.5785744,19.7722691 20.9684388,20.0152241 23.9887952,20.4483471 C24.8462434,16.8425979 25.890476,14.7771425 26.9685462,13.3065545 L24.9396356,12.5844572 C25.1413085,13.6151546 25.173116,14.0936202 24.9470799,14.7561631 C24.612763,14.4292906 24.2946883,13.8283324 24.0469961,12.9086227 L23.065025,16.1827621 C23.6625994,15.7706184 24.1248229,15.5039771 24.6526916,15.4911187 C23.7167398,17.5071711 22.5473076,18.0262419 21.7893423,17.8861537 C20.8648954,17.716965 20.4392166,16.8926778 20.5826886,16.1929134 C20.7958664,15.2021445 21.8130287,14.9422706 22.2881106,16.0954607 C23.1963154,14.2418295 21.6553449,13.6645577 20.6632225,14.2134058 C22.1872741,12.6934147 22.3612001,11.343289 21.1315367,9.70824958 C19.417317,11.0184467 19.3976911,12.3151088 20.1691915,14.1403163 C19.1682713,12.9952473 17.6103819,13.6090638 18.1727651,15.4593113 C18.8941856,14.342666 19.8511168,15.0458141 19.7008772,16.1069655 C19.5743241,17.0320892 18.3534586,17.7778729 16.8327907,17.6459058 C14.6543172,17.4482934 14.5237036,15.9458979 14.4695632,14.7006692 C15.0048762,14.601863 15.9692517,15.0979242 16.7915087,16.2524678 L17.0946948,12.7800393 C16.200025,13.7132841 15.3872426,13.889917 14.483775,13.9183407 C14.7842541,12.9803587 16.1668641,11.4441255 16.1668641,11.4441255 L14.1589328,11.4441255 L14.1575793,11.4441255 L11.83225,11.4441255 C11.83225,11.4441255 13.2141832,12.9803587 13.515339,13.9183407 C12.6118715,13.889917 11.799089,13.7132841 10.9044193,12.7800393 L11.2076054,16.2524678 C12.0305392,15.0979242 12.9942379,14.601863 13.5295509,14.7006692 C13.4760873,15.9458979 13.3454736,17.4482934 11.1663234,17.6459058 C9.6456555,17.7778729 8.42614349,17.0320892 8.29959035,16.1069655 C8.1493508,15.0458141 9.10425172,14.342666 9.82634902,15.4593113 C10.3887322,13.6090638 8.83016606,12.9952473 7.82992257,14.1403163 C8.60142296,12.3151088 8.58179707,11.0184467 6.86757735,9.70824958 L6.8677127,9.70824958 Z"
                    />
                  </svg>
                </span>
                <span
                  className="emotion-21"
                >
                  GOV.UK
                </span>
              </div>
            </a>
          </div>
        </div>
        <div
          className="emotion-28"
        >
          <a
            className="emotion-27"
            href="/index"
            target="_blank"
          >
            <h3
              className="emotion-26"
              mb={0}
              size={undefined}
            >
              Register a food business
            </h3>
          </a>
        </div>
      </div>
    </div>
    <div
      className="emotion-31"
    />
    <div
      className="emotion-36 emotion-37"
    >
      <div
        className="emotion-35"
      >
        <div
          className="emotion-34"
        >
          <strong
            className="emotion-32"
          >
            beta
          </strong>
          This is a prototype -
           
          <a
            className="emotion-23"
            href="https://goo.gl/forms/WB5adxvWQdDIfVvs2"
            id="feedbackLink"
            target="_blank"
          >
            your feedback
          </a>
           
          will help us improve it
        </div>
      </div>
    </div>
  </div>
  <div
    className="emotion-71"
  >
    <div
      className="emotion-35"
    >
      <div
        className="emotion-69"
      >
        <div
          className="emotion-68"
        >
          <div
            className="emotion-40 emotion-41"
          >
            <a
              href="/back/operator-type"
              id="back-link"
            >
              Back
            </a>
          </div>
          <h2
            className="emotion-42"
            size={undefined}
          >
            Who operates this business?
          </h2>
          <details
            className="emotion-47"
          >
            <summary
              className="emotion-44"
            >
              <span
                className="emotion-43"
              >
                What is a food business operator?
              </span>
            </summary>
            <div
              className="emotion-46"
            >
              <div
                className="emotion-45"
              >
                <p>
                  The food business operator is the person, charity or company who makes the decisions about the food business, what it serves and how it operates.
                </p>
              </div>
            </div>
          </details>
          <form
            action="/continue/operator-type/undefined"
            method="post"
          >
            <div
              className="emotion-40 emotion-41"
            >
              <div
                className="emotion-64"
              >
                <span
                  className="emotion-48"
                >
                  
                </span>
                <label
                  className="emotion-53"
                >
                  <input
                    className="emotion-49"
                    defaultChecked={false}
                    id="operator_type_person"
                    name="operator_type"
                    type="radio"
                    value="A person"
                  />
                  <span
                    className="emotion-52"
                  >
                    A person
                    <span
                      className="emotion-50 emotion-51"
                    >
                      The food business is owned or operated by an individual person, rather than any legal entity such as a business or charity.
                    </span>
                  </span>
                </label>
                <label
                  className="emotion-53"
                >
                  <input
                    className="emotion-49"
                    defaultChecked={false}
                    id="operator_type_company"
                    name="operator_type"
                    type="radio"
                    value="A company"
                  />
                  <span
                    className="emotion-52"
                  >
                    A company
                    <span
                      className="emotion-50 emotion-51"
                    >
                      The food business is owned or operated by a limited company rather than a single person or partnership of people.
                    </span>
                  </span>
                </label>
                <label
                  className="emotion-53"
                >
                  <input
                    className="emotion-49"
                    defaultChecked={false}
                    id="operator_type_charity"
                    name="operator_type"
                    type="radio"
                    value="A charity"
                  />
                  <span
                    className="emotion-52"
                  >
                    A charity
                    <span
                      className="emotion-50 emotion-51"
                    >
                      The food business is owned or operated by a charity rather than a company, person or partnership of people.
                    </span>
                  </span>
                </label>
              </div>
            </div>
            <button
              className="emotion-67"
              disabled={false}
              id="continue-button"
              type="submit"
            >
              Continue
            </button>
          </form>
        </div>
      </div>
    </div>
  </div>
</div>
`;
