// Jest Snapshot v1, https://goo.gl/fbAQLP

exports[`<ProcessedErrorSummary /> matches the previous snapshot 1`] = `
.emotion-6 {
  color: #0b0c0c;
  padding: 15px;
  border: 4px solid #b10e1e;
  margin-bottom: 20px;
}

.emotion-6:focus {
  outline: 3px solid #ffbf47;
  outline-offset: 0px;
}

@media only screen and (min-width:641px) {
  .emotion-6 {
    padding: 20px;
    border: 5px solid #b10e1e;
  }
}

@media only screen and (min-width:641px) {
  .emotion-6 {
    margin-bottom: 30px;
  }
}

.emotion-0 {
  font-family: "nta",Arial,sans-serif;
  font-weight: bold;
  margin: 0;
  font-size: 24px;
  line-height: 1.0416666666666667;
  margin-bottom: 15px;
}

@media only screen and (min-width:641px) {
  .emotion-0 {
    font-size: 36px;
    line-height: 1.1111111111111112;
    margin-bottom: 20px;
  }
}

@media print {
  .emotion-0 {
    font-size: 18px;
  }
}

.emotion-5 {
  margin: 0;
  padding: 0;
  padding-left: 20px;
  font-family: "nta",Arial,sans-serif;
  font-weight: 400;
  text-transform: none;
  font-size: 14px;
  line-height: 1.1428571429;
  list-style-type: none;
  margin-left: 0;
  padding-left: 0;
  margin-bottom: 0;
}

@media only screen and (min-width:641px) {
  .emotion-5 {
    font-size: 16px;
    line-height: 1.25;
  }
}

@media only screen and (min-width:641px) {
  .emotion-5 {
    margin-bottom: 0;
  }
}

.emotion-2 {
  font-family: "nta",Arial,sans-serif;
  font-weight: 400;
  text-transform: none;
  font-size: 14px;
  line-height: 1.1428571429;
  width: 100%;
  margin-bottom: 0;
}

@media only screen and (min-width:641px) {
  .emotion-2 {
    font-size: 16px;
    line-height: 1.25;
    margin-bottom: 5px;
  }
}

@media only screen and (min-width:641px) {
  .emotion-2 {
    margin-bottom: 0;
  }
}

.emotion-1 {
  color: #005ea5;
  padding: 3px;
  margin: -3px;
  outline-color: transparent;
  display: inline-block;
  -webkit-text-decoration: underline;
  text-decoration: underline;
  font-family: "nta",Arial,sans-serif;
  -webkit-font-smoothing: antialiased;
  -moz-osx-font-smoothing: grayscale;
  font-weight: 700;
  margin-bottom: 5px;
  -webkit-text-decoration: underline;
  text-decoration: underline;
  -webkit-text-decoration-skip-ink: none;
  text-decoration-skip-ink: none;
  text-transform: none;
  cursor: pointer;
  font-size: 16px;
  line-height: 1.25;
  color: #b10e1e;
  padding-top: 4px;
  padding-bottom: 2px;
}

.emotion-1:focus {
  background-color: #ffbf47;
  outline: 3px solid #ffbf47;
}

.emotion-1:visited {
  color: #2e358b;
}

.emotion-1:visited {
  color: #b10e1e;
}

@media only screen and (min-width:641px) {
  .emotion-1 {
    font-size: 19px;
    line-height: 1.3;
  }
}

<div
  className="emotion-6"
  tabIndex={-1}
>
  <h2
    className="emotion-0"
  >
    There is a problem
  </h2>
  <ul
    className="emotion-5"
  >
    <li
      className="emotion-2"
    >
      <a
        className="emotion-1"
        onClick={[Function]}
        tabIndex={1}
      >
        test error
      </a>
    </li>
    <li
      className="emotion-2"
    >
      <a
        className="emotion-1"
        onClick={[Function]}
        tabIndex={2}
      >
        test error 2
      </a>
    </li>
  </ul>
</div>
`;
