// Jest Snapshot v1, https://goo.gl/fbAQLP

exports[`<SummaryTable /> matches the previous snapshot 1`] = `
.emotion-146 {
  border: 0;
  border-collapse: collapse;
  box-sizing: border-box;
  border-spacing: 0;
  font-family: "nta",Arial,sans-serif;
  font-weight: 400;
  text-transform: none;
  font-size: 14px;
  line-height: 1.1428571429;
  width: 100%;
}

@media only screen and (min-width:641px) {
  .emotion-146 {
    font-size: 16px;
    line-height: 1.25;
  }
}

.emotion-0 {
  font-family: "nta",Arial,sans-serif;
  font-weight: 700;
  font-size: 16px;
  line-height: 1.25;
  text-align: left;
  text-transform: none;
  width: 100%;
}

@media only screen and (min-width:641px) {
  .emotion-0 {
    font-size: 19px;
    line-height: 1.3;
  }
}

.emotion-6 {
  display: grid;
  grid-template-columns: 1fr 1fr 70px;
}

.emotion-2 {
  border: 0;
  border-bottom: 1px solid #bfc1c3;
  font-family: "nta",Arial,sans-serif;
  font-weight: 400;
  font-size: 16px;
  line-height: 1.25;
  padding: 0.63158em 1.05263em 0.47368em 0;
  text-align: left;
  text-transform: none;
}

.emotion-2:last-child {
  padding-right: 0;
}

@media only screen and (min-width:641px) {
  .emotion-2 {
    font-size: 19px;
    line-height: 1.3;
  }
}

.emotion-1 {
  font-family: "nta",Arial,sans-serif;
  margin: 0;
  font-size: 16px;
  line-height: 1.25;
  margin-bottom: 0;
}

.emotion-1 > p {
  margin: 0;
}

.emotion-1 > p > code {
  padding: 0.2em 0.4em;
  margin: 0px;
  font-size: 85%;
  background-color: rgba(27,31,35,0.05);
  border-radius: 3px;
}

.emotion-1 > pre {
  padding: 16px;
  overflow: auto;
  font-size: 85%;
  line-height: 1.45;
  background-color: #f6f8fa;
  border-radius: 3px;
}

.emotion-1 > pre > code {
  display: inline;
  padding: 0px;
  margin: 0px;
  border: 0px;
  overflow: visible;
  line-height: inherit;
  word-wrap: normal;
}

@media only screen and (min-width:641px) {
  .emotion-1 {
    font-size: 19px;
    line-height: 1.3;
  }
}

@media only screen and (min-width:641px) {
  .emotion-1 {
    margin-bottom: 0;
  }
}

.emotion-3 {
  border: 0;
  border-bottom: 1px solid #bfc1c3;
  font-family: "nta",Arial,sans-serif;
  font-weight: 400;
  font-size: 16px;
  line-height: 1.25;
  padding: 0.63158em 1.05263em 0.47368em 0;
  text-align: left;
  text-transform: none;
  word-break: break-word;
}

.emotion-3:last-child {
  padding-right: 0;
}

@media only screen and (min-width:641px) {
  .emotion-3 {
    font-size: 19px;
    line-height: 1.3;
  }
}

.emotion-14 {
  color: #005ea5;
  padding: 3px;
  margin: -3px;
  outline-color: transparent;
  display: inline-block;
  -webkit-text-decoration: underline;
  text-decoration: underline;
}

.emotion-14:focus {
  background-color: #ffbf47;
  outline: 3px solid #ffbf47;
}

.emotion-14:visited {
  color: #2e358b;
}

.emotion-60 {
  font-family: "nta",Arial,sans-serif;
  -webkit-font-smoothing: antialiased;
  -moz-osx-font-smoothing: grayscale;
  font-weight: 400;
  display: -webkit-inline-box;
  display: -webkit-inline-flex;
  display: -ms-inline-flexbox;
  display: inline-flex;
  text-transform: none;
  font-size: 16px;
  line-height: 1.25;
  color: #6f777b;
}

@media only screen and (min-width:641px) {
  .emotion-60 {
    font-size: 19px;
    line-height: 1.3;
  }
}

<table
  className="emotion-146"
>
  <caption
    className="emotion-0"
  />
  <tbody
    className="emotion-145"
  >
    <tr
      className="TITLE emotion-5 emotion-6"
    >
      <th
        className="emotion-2"
      >
        <div
          className="emotion-1"
        >
          <p>
            <strong>
              Operator details
            </strong>
          </p>
        </div>
      </th>
      <td
        className="emotion-3"
      >
        <div />
      </td>
      <td
        className="emotion-3"
      >
        <div />
      </td>
    </tr>
    <tr
      className="emotion-5 emotion-6"
      id="operatorTypeRow"
    >
      <th
        className="emotion-2"
      >
        Operator type
      </th>
      <td
        className="summaryTableDataCell emotion-3"
      >
        <div
          className="bold"
          id="operator_type"
        >
          Sole trader
        </div>
      </td>
      <td
        className="emotion-3"
      >
        <div />
      </td>
    </tr>
    <tr
      className="emotion-5 emotion-6"
      id="operatorCompanyNameRow"
    >
      <th
        className="emotion-2"
      >
        Company name
      </th>
      <td
        className="summaryTableDataCell emotion-3"
      >
        <div
          className="bold"
          id="operator_company_name"
        >
          Company name
        </div>
      </td>
      <td
        className="summaryTableChangeCell emotion-3"
      >
        <a
          className="emotion-14"
          href="/edit/operator-company-details"
          id="changeOperatorCompanyNameRow"
        >
          Change
        </a>
      </td>
    </tr>
    <tr
      className="emotion-5 emotion-6"
      id="operatorCompaniesHouseRow"
    >
      <th
        className="emotion-2"
      >
        Company number
      </th>
      <td
        className="summaryTableDataCell emotion-3"
      >
        <div
          className="bold"
          id="operator_company_house_number"
        >
          AA123456
        </div>
      </td>
      <td
        className="summaryTableChangeCell emotion-3"
      >
        <a
          className="emotion-14"
          href="/edit/operator-company-details"
          id="changeOperatorCompaniesHouseRow"
        >
          Change
        </a>
      </td>
    </tr>
    <tr
      className="emotion-5 emotion-6"
      id="operatorCharityNameRow"
    >
      <th
        className="emotion-2"
      >
        Charity name
      </th>
      <td
        className="summaryTableDataCell emotion-3"
      >
        <div
          className="bold"
          id="operator_charity_name"
        >
          Charity name
        </div>
      </td>
      <td
        className="summaryTableChangeCell emotion-3"
      >
        <a
          className="emotion-14"
          href="/edit/operator-charity-details"
          id="changeOperatorCharityNameRow"
        >
          Change
        </a>
      </td>
    </tr>
    <tr
      className="emotion-5 emotion-6"
      id="operatorCharityNumberRow"
    >
      <th
        className="emotion-2"
      >
        Charity number
      </th>
      <td
        className="summaryTableDataCell emotion-3"
      >
        <div
          className="bold"
          id="operator_charity_number"
        >
          123456
        </div>
      </td>
      <td
        className="summaryTableChangeCell emotion-3"
      >
        <a
          className="emotion-14"
          href="/edit/operator-charity-details"
          id="changeOperatorCharityNumberRow"
        >
          Change
        </a>
      </td>
    </tr>
    <tr
      className="emotion-5 emotion-6"
      id="operatorNameRow"
    >
      <th
        className="emotion-2"
      >
        Name
      </th>
      <td
        className="summaryTableDataCell emotion-3"
      >
        <div
          className="bold"
        >
          <span
            id="operator_first_name"
          >
            John
          </span>
           
          <span
            id="operator_last_name"
          >
            Appleseed
          </span>
        </div>
      </td>
      <td
        className="summaryTableChangeCell emotion-3"
      >
        <a
          className="emotion-14"
          href="/edit/operator-name"
          id="changeOperatorNameRow"
        >
          Change
        </a>
      </td>
    </tr>
    <tr
      className="emotion-5 emotion-6"
      id="operatorAddressRow"
    >
      <th
        className="emotion-2"
      >
        Operator address
      </th>
      <td
        className="summaryTableDataCell emotion-3"
      >
        <div
          className="bold"
        >
          <div
            id="operator_first_line"
          >
            Example first line
          </div>
          <div
            id="operator_street"
          >
            Street name
          </div>
          <div
            id="operator_town"
          >
            Town
          </div>
          <div
            id="operator_postcode"
          >
            AA11 1AA
          </div>
        </div>
      </td>
      <td
        className="emotion-3"
      >
        <div />
      </td>
    </tr>
    <tr
      className="emotion-5 emotion-6"
      id="operatorContactDetailsRow"
    >
      <th
        className="emotion-2"
      >
        Phone number
      </th>
      <td
        className="summaryTableDataCell emotion-3"
      >
        <div
          className="bold"
        >
          <div
            id="operator_primary_number"
          >
            1234567
          </div>
          <div
            id="operator_secondary_number"
          >
            7654321
          </div>
        </div>
      </td>
      <td
        className="summaryTableChangeCell emotion-3"
      >
        <a
          className="emotion-14"
          href="/edit/operator-contact-details"
          id="changeOperatorContactDetailsRow"
        >
          Change
        </a>
      </td>
    </tr>
    <tr
      className="emotion-5 emotion-6"
      id="operatorEmailRow"
    >
      <th
        className="emotion-2"
      >
        Email address
      </th>
      <td
        className="summaryTableDataCell emotion-3"
      >
        <div
          className="bold"
          id="operator_email"
        >
          operator@email.com
        </div>
      </td>
      <td
        className="summaryTableChangeCell emotion-3"
      >
        <a
          className="emotion-14"
          href="/edit/operator-contact-details"
          id="changeOperatorEmailRow"
        >
          Change
        </a>
      </td>
    </tr>
    <tr
      className="emotion-5 emotion-6"
      id="contactRepresentativeRow"
    >
      <th
        className="emotion-2"
      >
        Designated contact
      </th>
      <td
        className="summaryTableDataCell emotion-3"
      >
        <div
          className="emotion-60 emotion-61"
        >
          <div
            id="contact_representative_name"
          >
            Jill
          </div>
        </div>
        <div
          className="emotion-60 emotion-61"
        >
          <div
            id="contact_representative_role"
          >
             • Coder
          </div>
        </div>
        <div
          className="bold"
          id="contact_representative_number"
        >
          123456789
        </div>
        <div
          className="bold"
          id="contact_representative_email"
        >
          representative@email.com
        </div>
      </td>
      <td
        className="summaryTableChangeCell emotion-3"
      >
        <a
          className="emotion-14"
          href="/edit/contact-representative"
          id="changeContactRepresentativeRow"
        >
          Change
        </a>
      </td>
    </tr>
    <tr
      className="TITLE emotion-5 emotion-6"
    >
      <th
        className="emotion-2"
      >
        <div
          className="emotion-1"
        >
          <p>
            <strong>
              Establishment details
            </strong>
          </p>
        </div>
      </th>
      <td
        className="emotion-3"
      >
        <div />
      </td>
      <td
        className="emotion-3"
      >
        <div />
      </td>
    </tr>
    <tr
      className="emotion-5 emotion-6"
      id="establishmentTradingNameRow"
    >
      <th
        className="emotion-2"
      >
        Trading name
      </th>
      <td
        className="summaryTableDataCell emotion-3"
      >
        <div
          className="bold"
          id="establishment_trading_name"
        >
          Example trading name
        </div>
      </td>
      <td
        className="summaryTableChangeCell emotion-3"
      >
        <a
          className="emotion-14"
          href="/edit/establishment-trading-name"
          id="changeEstablishmentTradingNameRow"
        >
          Change
        </a>
      </td>
    </tr>
    <tr
      className="emotion-5 emotion-6"
      id="establishmentAddressRow"
    >
      <th
        className="emotion-2"
      >
        Establishment address
      </th>
      <td
        className="summaryTableDataCell emotion-3"
      >
        <div
          className="bold"
        >
          <div
            id="establishment_first_line"
          >
            Example first line
          </div>
          <div
            id="establishment_street"
          >
            Street name
          </div>
          <div
            id="establishment_town"
          >
            Town
          </div>
          <div
            id="establishment_postcode"
          >
            AA11 1AA
          </div>
        </div>
      </td>
      <td
        className="emotion-3"
      >
        <div />
      </td>
    </tr>
    <tr
      className="emotion-5 emotion-6"
      id="establishmentAddressTypeRow"
    >
      <th
        className="emotion-2"
      >
        Address type
      </th>
      <td
        className="summaryTableDataCell emotion-3"
      >
        <div
          className="bold"
          id="establishment_type"
        >
          Mobile or moveable premise
        </div>
      </td>
      <td
        className="summaryTableChangeCell emotion-3"
      >
        <a
          className="emotion-14"
          href="/edit/establishment-address-type"
          id="changeEstablishmentAddressTypeRow"
        >
          Change
        </a>
      </td>
    </tr>
    <tr
      className="emotion-5 emotion-6"
      id="establishmentContactDetailsRow"
    >
      <th
        className="emotion-2"
      >
        Phone number
      </th>
      <td
        className="summaryTableDataCell emotion-3"
      >
        <div
          className="bold"
        >
          <div
            id="establishment_primary_number"
          >
            12345678
          </div>
          <div
            id="establishment_secondary_number"
          >
            7654321
          </div>
        </div>
      </td>
      <td
        className="summaryTableChangeCell emotion-3"
      >
        <a
          className="emotion-14"
          href="/edit/establishment-contact-details"
          id="changeEstablishmentContactDetailsRow"
        >
          Change
        </a>
      </td>
    </tr>
    <tr
      className="emotion-5 emotion-6"
      id="establishmentEmailRow"
    >
      <th
        className="emotion-2"
      >
        Email address
      </th>
      <td
        className="summaryTableDataCell emotion-3"
      >
        <div
          className="bold"
          id="establishment_email"
        >
          establishment@email.com
        </div>
      </td>
      <td
        className="summaryTableChangeCell emotion-3"
      >
        <a
          className="emotion-14"
          href="/edit/establishment-contact-details"
          id="changeEstablishmentEmailRow"
        >
          Change
        </a>
      </td>
    </tr>
    <tr
      className="emotion-5 emotion-6"
      id="establishmentOpeningDateRow"
    >
      <th
        className="emotion-2"
      >
        Trading date
      </th>
      <td
        className="summaryTableDataCell emotion-3"
      >
        <div
          className="bold"
          id="establishment_opening_date"
        >
          06 Dec 2018
        </div>
      </td>
      <td
        className="summaryTableChangeCell emotion-3"
      >
        <a
          className="emotion-14"
          href="/edit/establishment-opening-status"
          id="changeEstablishmentOpeningDateRow"
        >
          Change
        </a>
      </td>
    </tr>
    <tr
      className="emotion-5 emotion-6"
      id="establishmentOpeningDaysRow"
    >
      <th
        className="emotion-2"
      >
        Opening days
      </th>
      <td
        className="summaryTableDataCell emotion-3"
      >
        <div
          className="bold"
        >
          <div
            id="opening_days_irregular"
          >
            <div>
              <div
                id="opening_day_monday"
              >
                Monday
              </div>
              <div
                id="opening_day_tuesday"
              />
              <div
                id="opening_day_wednesday"
              />
              <div
                id="opening_day_thursday"
              />
              <div
                id="opening_day_friday"
              />
              <div
                id="opening_day_saturday"
              />
              <div
                id="opening_day_sunday"
              />
            </div>
          </div>
        </div>
      </td>
      <td
        className="emotion-3"
      >
        <div />
      </td>
    </tr>
    <tr
      className="TITLE emotion-5 emotion-6"
    >
      <th
        className="emotion-2"
      >
        <div
          className="emotion-1"
        >
          <p>
            <strong>
              Activities
            </strong>
          </p>
        </div>
      </th>
      <td
        className="emotion-3"
      >
        <div />
      </td>
      <td
        className="emotion-3"
      >
        <div />
      </td>
    </tr>
    <tr
      className="emotion-5 emotion-6"
      id="activitiesCustomersRow"
    >
      <th
        className="emotion-2"
      >
        Customers
      </th>
      <td
        className="summaryTableDataCell emotion-3"
      >
        <div
          className="bold"
          id="customer_type"
        >
          End consumer and Other buisnesses
        </div>
      </td>
      <td
        className="summaryTableChangeCell emotion-3"
      >
        <a
          className="emotion-14"
          href="/edit/customer-type"
          id="changeActivitiesCustomersRow"
        >
          Change
        </a>
      </td>
    </tr>
    <tr
      className="emotion-5 emotion-6"
      id="businessTypeRow"
    >
      <th
        className="emotion-2"
      >
        Business type
      </th>
      <td
        className="summaryTableDataCell emotion-3"
      >
        <div
          className="bold"
          id="business_type"
        >
          Livestock farm
        </div>
      </td>
      <td
        className="summaryTableChangeCell emotion-3"
      >
        <a
          className="emotion-14"
          href="/edit/business-type"
          id="changeBusinessTypeRow"
        >
          Change
        </a>
      </td>
    </tr>
    <tr
      className="emotion-5 emotion-6"
      id="activitiesBusinessImportExportRow"
    >
      <th
        className="emotion-2"
      >
        Import and export
      </th>
      <td
        className="summaryTableDataCell emotion-3"
      >
        <div
          className="bold"
          id="import_export_activities"
        >
          None
        </div>
      </td>
      <td
        className="summaryTableChangeCell emotion-3"
      >
        <a
          className="emotion-14"
          href="/edit/business-import-export"
          id="changeActivitiesBusinessImportExportRow"
        >
          Change
        </a>
      </td>
    </tr>
    <tr
      className="emotion-5 emotion-6"
      id="businessOtherDetailsRow"
    >
      <th
        className="emotion-2"
      >
        Additional details
      </th>
      <td
        className="summaryTableDataCell emotion-3"
      >
        <div
          className="bold"
          id="business_other_details"
        >
          This is the best business in the world
        </div>
      </td>
      <td
        className="summaryTableChangeCell emotion-3"
      >
        <a
          className="emotion-14"
          href="/edit/business-other-details"
          id="changeBusinessOtherDetailsRow"
        >
          Change
        </a>
      </td>
    </tr>
  </tbody>
</table>
`;
