// Jest Snapshot v1, https://goo.gl/fbAQLP

exports[`<FsaLayout /> matches the previous snapshot 1`] = `
.emotion-2 {
  padding: 10px;
  min-width: 320px;
  box-sizing: border-box;
}

@media only screen and (min-width:641px) {
  .emotion-2 {
    display: -webkit-box;
    display: -webkit-flex;
    display: -ms-flexbox;
    display: flex;
    -webkit-flex-direction: column;
    -ms-flex-direction: column;
    flex-direction: column;
    -webkit-align-items: center;
    -webkit-box-align: center;
    -ms-flex-align: center;
    align-items: center;
  }
}

.emotion-1 {
  width: 100%;
  clear: left;
  margin: 0 0 15px;
}

@media only screen and (min-width:641px) {
  .emotion-1 {
    display: -webkit-box;
    display: -webkit-flex;
    display: -ms-flexbox;
    display: flex;
    max-width: 960px;
    margin-bottom: 30px;
  }
}

.emotion-0 {
  background-color: transparent;
  background-image: none;
  margin: 0;
  margin-bottom: 15px;
  text-indent: 0px;
  box-sizing: border-box;
}

@media only screen and (min-width:641px) {
  .emotion-0 {
    width: 100%;
    margin: 0 15px;
  }

  .emotion-0:first-child {
    margin-left: 0;
  }

  .emotion-0:last-child {
    margin-right: 0;
  }
}

@media only screen and (min-width:641px) {
  .emotion-0 {
    width: 66.6667%;
  }
}

<div>
  <div>
    <h1>
      Header
    </h1>
  </div>
  <div
    className="emotion-2"
  >
    <div
      className="emotion-1"
    >
      <div
        className="emotion-0"
      />
    </div>
  </div>
</div>
`;
