// Jest Snapshot v1, https://goo.gl/fbAQLP

exports[`<Index /> matches the previous snapshot 1`] = `
<div>
  <div>
    <h1>
      Header
    </h1>
  </div>
  <p>
    Hello world!
  </p>
</div>
`;
