// Jest Snapshot v1, https://goo.gl/fbAQLP

exports[`<SessionInput /> matches the previous snapshot 1`] = `
<input
  className="sessionDataInput"
  hidden={true}
  name="sessionData"
  readOnly={true}
  type="text"
  value={undefined}
/>
`;
